INFO 2025-09-25 17:47:31,370 autoreload Watching for file changes with StatReloader
INFO 2025-09-25 17:50:33,433 autoreload Watching for file changes with StatReloader
INFO 2025-09-25 17:51:01,325 autoreload Watching for file changes with StatReloader
INFO 2025-09-25 17:51:59,489 autoreload Watching for file changes with StatReloader
INFO 2025-09-25 17:52:38,940 autoreload Watching for file changes with StatReloader
INFO 2025-09-25 17:52:45,634 autoreload Watching for file changes with StatReloader
INFO 2025-09-25 17:53:08,669 autoreload Watching for file changes with StatReloader
INFO 2025-09-25 17:54:03,830 autoreload Watching for file changes with StatReloader
INFO 2025-09-25 17:54:29,501 autoreload /Users/apple/r-ztm-f-d/tasks/views.py changed, reloading.
INFO 2025-09-25 17:54:29,774 autoreload Watching for file changes with StatReloader
INFO 2025-09-25 17:54:47,836 autoreload Watching for file changes with StatReloader
INFO 2025-09-25 17:55:16,863 autoreload Watching for file changes with StatReloader
INFO 2025-09-25 17:56:50,407 autoreload Watching for file changes with StatReloader
INFO 2025-09-25 17:57:33,995 autoreload Watching for file changes with StatReloader
INFO 2025-09-25 17:58:26,083 autoreload Watching for file changes with StatReloader
INFO 2025-09-25 18:01:59,399 autoreload Watching for file changes with StatReloader
WARNING 2025-09-25 18:02:01,595 log Bad Request: /api/auth/register/
WARNING 2025-09-25 18:02:01,595 basehttp "POST /api/auth/register/ HTTP/1.1" 400 122
INFO 2025-09-25 18:04:06,146 autoreload /Users/apple/r-ztm-f-d/accounts/views.py changed, reloading.
INFO 2025-09-25 18:04:06,543 autoreload Watching for file changes with StatReloader
WARNING 2025-09-25 18:04:33,575 log Bad Request: /api/auth/register/
WARNING 2025-09-25 18:04:33,576 basehttp "POST /api/auth/register/ HTTP/1.1" 400 76
WARNING 2025-09-25 18:05:25,598 log Bad Request: /api/auth/register/
WARNING 2025-09-25 18:05:25,599 basehttp "POST /api/auth/register/ HTTP/1.1" 400 46
WARNING 2025-09-25 18:05:26,746 log Bad Request: /api/auth/register/
WARNING 2025-09-25 18:05:26,746 basehttp "POST /api/auth/register/ HTTP/1.1" 400 46
INFO 2025-09-25 18:05:34,979 basehttp "POST /api/auth/register/ HTTP/1.1" 201 42
WARNING 2025-09-25 18:06:05,038 log Bad Request: /api/auth/register/
WARNING 2025-09-25 18:06:05,039 basehttp "POST /api/auth/register/ HTTP/1.1" 400 58
INFO 2025-09-25 18:10:45,367 autoreload Watching for file changes with StatReloader
WARNING 2025-09-25 18:10:48,229 log Method Not Allowed: /api/auth/login/
WARNING 2025-09-25 18:10:48,230 basehttp "GET /api/auth/login/ HTTP/1.1" 405 40
WARNING 2025-09-25 18:10:56,836 log Bad Request: /api/auth/login/
WARNING 2025-09-25 18:10:56,837 basehttp "POST /api/auth/login/ HTTP/1.1" 400 37
INFO 2025-09-25 18:11:12,288 basehttp "POST /api/auth/login/ HTTP/1.1" 200 573
INFO 2025-09-25 18:12:34,687 autoreload /Users/apple/r-ztm-f-d/accounts/urls.py changed, reloading.
INFO 2025-09-25 18:12:35,110 autoreload Watching for file changes with StatReloader
WARNING 2025-09-25 18:16:20,204 log Bad Request: /api/auth/register/
WARNING 2025-09-25 18:16:20,205 basehttp "POST /api/auth/register/ HTTP/1.1" 400 58
INFO 2025-09-25 18:16:36,528 basehttp "POST /api/auth/register/ HTTP/1.1" 201 42
WARNING 2025-09-25 18:16:51,351 log Bad Request: /api/auth/register/
WARNING 2025-09-25 18:16:51,351 basehttp "POST /api/auth/register/ HTTP/1.1" 400 46
INFO 2025-09-25 18:17:28,022 basehttp "POST /api/auth/register/ HTTP/1.1" 201 42
INFO 2025-09-25 18:17:53,149 basehttp "POST /api/auth/login/ HTTP/1.1" 200 579
WARNING 2025-09-25 19:00:25,883 log Unauthorized: /api/tasks/
WARNING 2025-09-25 19:00:25,883 basehttp "POST /api/tasks/ HTTP/1.1" 401 58
ERROR 2025-09-25 19:01:40,456 log Internal Server Error: /api/tasks/
Traceback (most recent call last):
  File "/Users/apple/Library/Python/3.12/lib/python/site-packages/django/db/backends/utils.py", line 89, in _execute
    return self.cursor.execute(sql, params)
           ^^^^^^^^^^^^^^^^^^^^^^^^^^^^^^^^
  File "/Users/apple/Library/Python/3.12/lib/python/site-packages/django/db/backends/sqlite3/base.py", line 328, in execute
    return super().execute(query, params)
           ^^^^^^^^^^^^^^^^^^^^^^^^^^^^^^
sqlite3.OperationalError: no such table: tasks_task

The above exception was the direct cause of the following exception:

Traceback (most recent call last):
  File "/Users/apple/Library/Python/3.12/lib/python/site-packages/django/core/handlers/exception.py", line 55, in inner
    response = get_response(request)
               ^^^^^^^^^^^^^^^^^^^^^
  File "/Users/apple/Library/Python/3.12/lib/python/site-packages/django/core/handlers/base.py", line 197, in _get_response
    response = wrapped_callback(request, *callback_args, **callback_kwargs)
               ^^^^^^^^^^^^^^^^^^^^^^^^^^^^^^^^^^^^^^^^^^^^^^^^^^^^^^^^^^^^
  File "/Users/apple/Library/Python/3.12/lib/python/site-packages/django/views/decorators/csrf.py", line 56, in wrapper_view
    return view_func(*args, **kwargs)
           ^^^^^^^^^^^^^^^^^^^^^^^^^^
  File "/Users/apple/Library/Python/3.12/lib/python/site-packages/rest_framework/viewsets.py", line 125, in view
    return self.dispatch(request, *args, **kwargs)
           ^^^^^^^^^^^^^^^^^^^^^^^^^^^^^^^^^^^^^^^
  File "/Users/apple/Library/Python/3.12/lib/python/site-packages/rest_framework/views.py", line 509, in dispatch
    response = self.handle_exception(exc)
               ^^^^^^^^^^^^^^^^^^^^^^^^^^
  File "/Users/apple/Library/Python/3.12/lib/python/site-packages/rest_framework/views.py", line 469, in handle_exception
    self.raise_uncaught_exception(exc)
  File "/Users/apple/Library/Python/3.12/lib/python/site-packages/rest_framework/views.py", line 480, in raise_uncaught_exception
    raise exc
  File "/Users/apple/Library/Python/3.12/lib/python/site-packages/rest_framework/views.py", line 506, in dispatch
    response = handler(request, *args, **kwargs)
               ^^^^^^^^^^^^^^^^^^^^^^^^^^^^^^^^^
  File "/Users/apple/Library/Python/3.12/lib/python/site-packages/rest_framework/mixins.py", line 40, in list
    page = self.paginate_queryset(queryset)
           ^^^^^^^^^^^^^^^^^^^^^^^^^^^^^^^^
  File "/Users/apple/Library/Python/3.12/lib/python/site-packages/rest_framework/generics.py", line 171, in paginate_queryset
    return self.paginator.paginate_queryset(queryset, self.request, view=self)
           ^^^^^^^^^^^^^^^^^^^^^^^^^^^^^^^^^^^^^^^^^^^^^^^^^^^^^^^^^^^^^^^^^^^
  File "/Users/apple/Library/Python/3.12/lib/python/site-packages/rest_framework/pagination.py", line 204, in paginate_queryset
    self.page = paginator.page(page_number)
                ^^^^^^^^^^^^^^^^^^^^^^^^^^^
  File "/Users/apple/Library/Python/3.12/lib/python/site-packages/django/core/paginator.py", line 72, in page
    number = self.validate_number(number)
             ^^^^^^^^^^^^^^^^^^^^^^^^^^^^
  File "/Users/apple/Library/Python/3.12/lib/python/site-packages/django/core/paginator.py", line 53, in validate_number
    if number > self.num_pages:
                ^^^^^^^^^^^^^^
  File "/Users/apple/Library/Python/3.12/lib/python/site-packages/django/utils/functional.py", line 57, in __get__
    res = instance.__dict__[self.name] = self.func(instance)
                                         ^^^^^^^^^^^^^^^^^^^
  File "/Users/apple/Library/Python/3.12/lib/python/site-packages/django/core/paginator.py", line 99, in num_pages
    if self.count == 0 and not self.allow_empty_first_page:
       ^^^^^^^^^^
  File "/Users/apple/Library/Python/3.12/lib/python/site-packages/django/utils/functional.py", line 57, in __get__
    res = instance.__dict__[self.name] = self.func(instance)
                                         ^^^^^^^^^^^^^^^^^^^
  File "/Users/apple/Library/Python/3.12/lib/python/site-packages/django/core/paginator.py", line 93, in count
    return c()
           ^^^
  File "/Users/apple/Library/Python/3.12/lib/python/site-packages/django/db/models/query.py", line 608, in count
    return self.query.get_count(using=self.db)
           ^^^^^^^^^^^^^^^^^^^^^^^^^^^^^^^^^^^
  File "/Users/apple/Library/Python/3.12/lib/python/site-packages/django/db/models/sql/query.py", line 568, in get_count
    return obj.get_aggregation(using, {"__count": Count("*")})["__count"]
           ^^^^^^^^^^^^^^^^^^^^^^^^^^^^^^^^^^^^^^^^^^^^^^^^^^^
  File "/Users/apple/Library/Python/3.12/lib/python/site-packages/django/db/models/sql/query.py", line 554, in get_aggregation
    result = compiler.execute_sql(SINGLE)
             ^^^^^^^^^^^^^^^^^^^^^^^^^^^^
  File "/Users/apple/Library/Python/3.12/lib/python/site-packages/django/db/models/sql/compiler.py", line 1562, in execute_sql
    cursor.execute(sql, params)
  File "/Users/apple/Library/Python/3.12/lib/python/site-packages/django/db/backends/utils.py", line 102, in execute
    return super().execute(sql, params)
           ^^^^^^^^^^^^^^^^^^^^^^^^^^^^
  File "/Users/apple/Library/Python/3.12/lib/python/site-packages/django/db/backends/utils.py", line 67, in execute
    return self._execute_with_wrappers(
           ^^^^^^^^^^^^^^^^^^^^^^^^^^^^
  File "/Users/apple/Library/Python/3.12/lib/python/site-packages/django/db/backends/utils.py", line 80, in _execute_with_wrappers
    return executor(sql, params, many, context)
           ^^^^^^^^^^^^^^^^^^^^^^^^^^^^^^^^^^^^
  File "/Users/apple/Library/Python/3.12/lib/python/site-packages/django/db/backends/utils.py", line 84, in _execute
    with self.db.wrap_database_errors:
  File "/Users/apple/Library/Python/3.12/lib/python/site-packages/django/db/utils.py", line 91, in __exit__
    raise dj_exc_value.with_traceback(traceback) from exc_value
  File "/Users/apple/Library/Python/3.12/lib/python/site-packages/django/db/backends/utils.py", line 89, in _execute
    return self.cursor.execute(sql, params)
           ^^^^^^^^^^^^^^^^^^^^^^^^^^^^^^^^
  File "/Users/apple/Library/Python/3.12/lib/python/site-packages/django/db/backends/sqlite3/base.py", line 328, in execute
    return super().execute(query, params)
           ^^^^^^^^^^^^^^^^^^^^^^^^^^^^^^
django.db.utils.OperationalError: no such table: tasks_task
ERROR 2025-09-25 19:01:40,465 basehttp "GET /api/tasks/ HTTP/1.1" 500 182692
WARNING 2025-09-25 19:04:59,388 log Unauthorized: /api/tasks/
WARNING 2025-09-25 19:04:59,390 basehttp "POST /api/tasks/ HTTP/1.1" 401 58
WARNING 2025-09-25 19:05:00,298 log Unauthorized: /api/tasks/
WARNING 2025-09-25 19:05:00,298 basehttp "POST /api/tasks/ HTTP/1.1" 401 58
ERROR 2025-09-25 19:08:26,540 log Internal Server Error: /api/tasks/
Traceback (most recent call last):
  File "/Users/apple/Library/Python/3.12/lib/python/site-packages/django/db/backends/utils.py", line 89, in _execute
    return self.cursor.execute(sql, params)
           ^^^^^^^^^^^^^^^^^^^^^^^^^^^^^^^^
  File "/Users/apple/Library/Python/3.12/lib/python/site-packages/django/db/backends/sqlite3/base.py", line 328, in execute
    return super().execute(query, params)
           ^^^^^^^^^^^^^^^^^^^^^^^^^^^^^^
sqlite3.OperationalError: no such table: tasks_task

The above exception was the direct cause of the following exception:

Traceback (most recent call last):
  File "/Users/apple/Library/Python/3.12/lib/python/site-packages/django/core/handlers/exception.py", line 55, in inner
    response = get_response(request)
               ^^^^^^^^^^^^^^^^^^^^^
  File "/Users/apple/Library/Python/3.12/lib/python/site-packages/django/core/handlers/base.py", line 197, in _get_response
    response = wrapped_callback(request, *callback_args, **callback_kwargs)
               ^^^^^^^^^^^^^^^^^^^^^^^^^^^^^^^^^^^^^^^^^^^^^^^^^^^^^^^^^^^^
  File "/Users/apple/Library/Python/3.12/lib/python/site-packages/django/views/decorators/csrf.py", line 56, in wrapper_view
    return view_func(*args, **kwargs)
           ^^^^^^^^^^^^^^^^^^^^^^^^^^
  File "/Users/apple/Library/Python/3.12/lib/python/site-packages/rest_framework/viewsets.py", line 125, in view
    return self.dispatch(request, *args, **kwargs)
           ^^^^^^^^^^^^^^^^^^^^^^^^^^^^^^^^^^^^^^^
  File "/Users/apple/Library/Python/3.12/lib/python/site-packages/rest_framework/views.py", line 509, in dispatch
    response = self.handle_exception(exc)
               ^^^^^^^^^^^^^^^^^^^^^^^^^^
  File "/Users/apple/Library/Python/3.12/lib/python/site-packages/rest_framework/views.py", line 469, in handle_exception
    self.raise_uncaught_exception(exc)
  File "/Users/apple/Library/Python/3.12/lib/python/site-packages/rest_framework/views.py", line 480, in raise_uncaught_exception
    raise exc
  File "/Users/apple/Library/Python/3.12/lib/python/site-packages/rest_framework/views.py", line 506, in dispatch
    response = handler(request, *args, **kwargs)
               ^^^^^^^^^^^^^^^^^^^^^^^^^^^^^^^^^
  File "/Users/apple/Library/Python/3.12/lib/python/site-packages/rest_framework/mixins.py", line 19, in create
    self.perform_create(serializer)
  File "/Users/apple/r-ztm-f-d/tasks/views.py", line 33, in perform_create
    serializer.save(owner=self.request.user)
  File "/Users/apple/Library/Python/3.12/lib/python/site-packages/rest_framework/serializers.py", line 212, in save
    self.instance = self.create(validated_data)
                    ^^^^^^^^^^^^^^^^^^^^^^^^^^^
  File "/Users/apple/r-ztm-f-d/tasks/serializers.py", line 20, in create
    return super().create(validated_data)
           ^^^^^^^^^^^^^^^^^^^^^^^^^^^^^^
  File "/Users/apple/Library/Python/3.12/lib/python/site-packages/rest_framework/serializers.py", line 962, in create
    instance = ModelClass._default_manager.create(**validated_data)
               ^^^^^^^^^^^^^^^^^^^^^^^^^^^^^^^^^^^^^^^^^^^^^^^^^^^^
  File "/Users/apple/Library/Python/3.12/lib/python/site-packages/django/db/models/manager.py", line 87, in manager_method
    return getattr(self.get_queryset(), name)(*args, **kwargs)
           ^^^^^^^^^^^^^^^^^^^^^^^^^^^^^^^^^^^^^^^^^^^^^^^^^^^
  File "/Users/apple/Library/Python/3.12/lib/python/site-packages/django/db/models/query.py", line 658, in create
    obj.save(force_insert=True, using=self.db)
  File "/Users/apple/r-ztm-f-d/tasks/models.py", line 36, in save
    return super().save(*args, **kwargs)
           ^^^^^^^^^^^^^^^^^^^^^^^^^^^^^
  File "/Users/apple/Library/Python/3.12/lib/python/site-packages/django/db/models/base.py", line 814, in save
    self.save_base(
  File "/Users/apple/Library/Python/3.12/lib/python/site-packages/django/db/models/base.py", line 877, in save_base
    updated = self._save_table(
              ^^^^^^^^^^^^^^^^^
  File "/Users/apple/Library/Python/3.12/lib/python/site-packages/django/db/models/base.py", line 1020, in _save_table
    results = self._do_insert(
              ^^^^^^^^^^^^^^^^
  File "/Users/apple/Library/Python/3.12/lib/python/site-packages/django/db/models/base.py", line 1061, in _do_insert
    return manager._insert(
           ^^^^^^^^^^^^^^^^
  File "/Users/apple/Library/Python/3.12/lib/python/site-packages/django/db/models/manager.py", line 87, in manager_method
    return getattr(self.get_queryset(), name)(*args, **kwargs)
           ^^^^^^^^^^^^^^^^^^^^^^^^^^^^^^^^^^^^^^^^^^^^^^^^^^^
  File "/Users/apple/Library/Python/3.12/lib/python/site-packages/django/db/models/query.py", line 1805, in _insert
    return query.get_compiler(using=using).execute_sql(returning_fields)
           ^^^^^^^^^^^^^^^^^^^^^^^^^^^^^^^^^^^^^^^^^^^^^^^^^^^^^^^^^^^^^
  File "/Users/apple/Library/Python/3.12/lib/python/site-packages/django/db/models/sql/compiler.py", line 1822, in execute_sql
    cursor.execute(sql, params)
  File "/Users/apple/Library/Python/3.12/lib/python/site-packages/django/db/backends/utils.py", line 102, in execute
    return super().execute(sql, params)
           ^^^^^^^^^^^^^^^^^^^^^^^^^^^^
  File "/Users/apple/Library/Python/3.12/lib/python/site-packages/django/db/backends/utils.py", line 67, in execute
    return self._execute_with_wrappers(
           ^^^^^^^^^^^^^^^^^^^^^^^^^^^^
  File "/Users/apple/Library/Python/3.12/lib/python/site-packages/django/db/backends/utils.py", line 80, in _execute_with_wrappers
    return executor(sql, params, many, context)
           ^^^^^^^^^^^^^^^^^^^^^^^^^^^^^^^^^^^^
  File "/Users/apple/Library/Python/3.12/lib/python/site-packages/django/db/backends/utils.py", line 84, in _execute
    with self.db.wrap_database_errors:
  File "/Users/apple/Library/Python/3.12/lib/python/site-packages/django/db/utils.py", line 91, in __exit__
    raise dj_exc_value.with_traceback(traceback) from exc_value
  File "/Users/apple/Library/Python/3.12/lib/python/site-packages/django/db/backends/utils.py", line 89, in _execute
    return self.cursor.execute(sql, params)
           ^^^^^^^^^^^^^^^^^^^^^^^^^^^^^^^^
  File "/Users/apple/Library/Python/3.12/lib/python/site-packages/django/db/backends/sqlite3/base.py", line 328, in execute
    return super().execute(query, params)
           ^^^^^^^^^^^^^^^^^^^^^^^^^^^^^^
django.db.utils.OperationalError: no such table: tasks_task
ERROR 2025-09-25 19:08:26,544 basehttp "POST /api/tasks/ HTTP/1.1" 500 205757
INFO 2025-09-25 19:17:59,382 autoreload /Users/apple/r-ztm-f-d/config/settings.py changed, reloading.
INFO 2025-09-25 19:17:59,829 autoreload Watching for file changes with StatReloader
INFO 2025-09-25 19:19:18,924 autoreload /Users/apple/r-ztm-f-d/config/settings.py changed, reloading.
INFO 2025-09-25 19:19:19,293 autoreload Watching for file changes with StatReloader
INFO 2025-09-25 19:55:35,825 autoreload Watching for file changes with StatReloader
INFO 2025-09-25 19:56:29,437 autoreload Watching for file changes with StatReloader
WARNING 2025-09-25 19:56:32,034 log Unauthorized: /api/tasks/
WARNING 2025-09-25 19:56:32,034 basehttp "POST /api/tasks/ HTTP/1.1" 401 183
INFO 2025-09-25 19:56:42,019 basehttp "POST /api/auth/login/ HTTP/1.1" 200 579
WARNING 2025-09-25 19:56:55,395 log Unauthorized: /api/tasks/
WARNING 2025-09-25 19:56:55,396 basehttp "POST /api/tasks/ HTTP/1.1" 401 183
INFO 2025-09-25 19:56:59,482 basehttp "POST /api/tasks/ HTTP/1.1" 201 259
